// Vitest Snapshot v1, https://vitest.dev/guide/snapshot.html

exports[`Airline List Component > render airline list component 1`] = `
"<div class="accordion mt-2 mb-3" id="accordion">
  <div class="accordion-item">
    <h2 class="accordion-header"><button class="accordion-button collapsed" type="button" data-bs-toggle="collapse" data-bs-target="#flush-collapseOne" aria-expanded="false" aria-controls="flush-collapseOne">
        <p><strong>Major Airlines:</strong></p>
      </button></h2>
    <div id="flush-collapseOne" class="accordion-collapse collapse" data-bs-parent="#accordion">
      <div class="accordion-body">
        <div>ğŸ›« Foo Airlines</div>
        <div>ğŸ›« Bar Airlines</div>
      </div>
    </div>
  </div>
</div>"
`;
